#separator \x09
#set_separator	,
#empty_field	(empty)
#unset_field	-
#path	x509
#open	0000-00-00-00-00-00
#fields	ts	fingerprint	certificate.version	certificate.serial	certificate.subject	certificate.issuer	certificate.not_valid_before	certificate.not_valid_after	certificate.key_alg	certificate.sig_alg	certificate.key_type	certificate.key_length	certificate.exponent	certificate.curve	san.dns	san.uri	san.email	san.ip	basic_constraints.ca	basic_constraints.path_len	host_cert	client_cert
#types	time	string	count	string	string	string	time	time	string	string	string	count	string	string	vector[string]	vector[string]	vector[string]	vector[addr]	bool	count	bool	bool
1700000017.272301	84ece55812d510f4d10a8ac1fed116d878041b211478f63f101072018abd7313	3	23312EF2	CN=portal.example.net	CN=PacketForge Synthetic CA	1697408017.000000	1728944017.000000	rsaEncryption	sha256WithRSAEncryption	rsa	2048	65537	-	portal.example.net	-	-	-	F	-	T	F
1700000017.272301	c0c4a51bcf95a81486a5bcb053d0ec2447c5eb8d389014c182694d4ccc8348e6	3	50465F4341	O=PacketForge,CN=PacketForge Synthetic CA	O=PacketForge,CN=PacketForge Synthetic CA	1600000000.000000	1915360000.000000	rsaEncryption	sha256WithRSAEncryption	rsa	2048	65537	-	-	-	-	-	T	0	F	F
1700000046.146624	b85d2427a1461a0820db197dd4220507987f9dd3c840612fe38e0e8dc6ec7f20	3	6A0CD76C	CN=www.example.org	CN=PacketForge Synthetic CA	1697408046.000000	1728944046.000000	rsaEncryption	sha256WithRSAEncryption	rsa	2048	65537	-	www.example.org	-	-	-	F	-	T	F
1700000100.069844	a7305463952020d87bd766b112e3026e08629bae1316e32fb2fcd08d3b64d018	3	5CEA7FAD	CN=update.evil.example	CN=PacketForge Synthetic CA	1697408100.000000	1728944100.000000	rsaEncryption	sha256WithRSAEncryption	rsa	2048	65537	-	update.evil.example	-	-	-	F	-	T	F
1700000157.037158	6b4f34f944c9e62a4d7c1c7f5e2954526ccdcacd74707a14429011f58bbd1b2b	3	16FD68DE	CN=assets.example.org	CN=PacketForge Synthetic CA	1697408156.000000	1728944156.000000	rsaEncryption	sha256WithRSAEncryption	rsa	2048	65537	-	assets.example.org	-	-	-	F	-	T	F
1700000158.167316	e63a69fece72790fbfe70f978f9541e2ae56cbf43d2e03290ae41442c7425942	3	3D2ED846	CN=cdn.example.net	CN=PacketForge Synthetic CA	1697408158.000000	1728944158.000000	rsaEncryption	sha256WithRSAEncryption	rsa	2048	65537	-	cdn.example.net	-	-	-	F	-	T	F
1700000158.579135	a5aa9515e1dd60bcf99ccfea67df9ea1c1716620399214c115eb1c261f9fea87	3	20110F94	CN=assets.example.org	CN=PacketForge Synthetic CA	1697408158.000000	1728944158.000000	rsaEncryption	sha256WithRSAEncryption	rsa	2048	65537	-	assets.example.org	-	-	-	F	-	T	F
1700000158.791184	e9e1034ce4fa26b18a6f3122627fcfb85a3b32213f0c0d07e5784756d4099a64	3	23AF2054	CN=www.example.org	CN=PacketForge Synthetic CA	1697408158.000000	1728944158.000000	rsaEncryption	sha256WithRSAEncryption	rsa	2048	65537	-	www.example.org	-	-	-	F	-	T	F
1700000159.066082	79904f157152cb1ab32e7fb41ba41db00f40ad42b36f0dfc29427e524d250b5d	3	7B23B243	CN=www.example.org	CN=PacketForge Synthetic CA	1697408158.000000	1728944158.000000	rsaEncryption	sha256WithRSAEncryption	rsa	2048	65537	-	www.example.org	-	-	-	F	-	T	F
1700000159.119420	c1bca3e8340734cd2b86ce4134cb944bca3db7bf7acaa419ded73574311f7c15	3	421342D4	CN=www.example.org	CN=PacketForge Synthetic CA	1697408159.000000	1728944159.000000	rsaEncryption	sha256WithRSAEncryption	rsa	2048	65537	-	www.example.org	-	-	-	F	-	T	F
1700000159.597181	eca1cacecac299d235aece5e49b137f92a50b95d43234320f4d750aaa089632d	3	55AB1740	CN=api.example.com	CN=PacketForge Synthetic CA	1697408159.000000	1728944159.000000	rsaEncryption	sha256WithRSAEncryption	rsa	2048	65537	-	api.example.com	-	-	-	F	-	T	F
1700000161.370626	92623c1b6e6b884070fcf6a7fbf59bc90f361f59060330b95ac67389543c6385	3	25FD958A	CN=portal.example.net	CN=PacketForge Synthetic CA	1697408161.000000	1728944161.000000	rsaEncryption	sha256WithRSAEncryption	rsa	2048	65537	-	portal.example.net	-	-	-	F	-	T	F
1700000170.078464	167ba55a5e5fb01905cf951ba9235dddeacbdc6b3a72cd71941c05d26dac6a26	3	3A05A88D	CN=cdn.example.net	CN=PacketForge Synthetic CA	1697408170.000000	1728944170.000000	rsaEncryption	sha256WithRSAEncryption	rsa	2048	65537	-	cdn.example.net	-	-	-	F	-	T	F
1700000175.296650	4a85b8354c8e81a5a5569b5f0f3dac3989b00d849dd24ba27935e4b84799f50d	3	291BB322	CN=updates.example.com	CN=PacketForge Synthetic CA	1697408175.000000	1728944175.000000	rsaEncryption	sha256WithRSAEncryption	rsa	2048	65537	-	updates.example.com	-	-	-	F	-	T	F
1700000175.368466	12430d530abe3ac874bb6864fa5a54f7e2ea07674fec67409b975b48b455db5f	3	6BA008D8	CN=portal.example.net	CN=PacketForge Synthetic CA	1697408175.000000	1728944175.000000	rsaEncryption	sha256WithRSAEncryption	rsa	2048	65537	-	portal.example.net	-	-	-	F	-	T	F
#close	0000-00-00-00-00-00
