#separator \x09
#set_separator	,
#empty_field	(empty)
#unset_field	-
#path	x509
#open	0000-00-00-00-00-00
#fields	ts	fingerprint	certificate.version	certificate.serial	certificate.subject	certificate.issuer	certificate.not_valid_before	certificate.not_valid_after	certificate.key_alg	certificate.sig_alg	certificate.key_type	certificate.key_length	certificate.exponent	certificate.curve	san.dns	san.uri	san.email	san.ip	basic_constraints.ca	basic_constraints.path_len	host_cert	client_cert
#types	time	string	count	string	string	string	time	time	string	string	string	count	string	string	vector[string]	vector[string]	vector[string]	vector[addr]	bool	count	bool	bool
1700000017.700246	ba7b7611a3647ec3303313999b58a8e910fee5500c3d03b671f28be7b90d0e97	3	6ADEAC02	CN=portal.example.net	CN=PacketForge Synthetic CA	1697408017.000000	1728944017.000000	rsaEncryption	sha256WithRSAEncryption	rsa	2048	65537	-	portal.example.net	-	-	-	F	-	T	F
1700000017.700246	c0c4a51bcf95a81486a5bcb053d0ec2447c5eb8d389014c182694d4ccc8348e6	3	50465F4341	O=PacketForge,CN=PacketForge Synthetic CA	O=PacketForge,CN=PacketForge Synthetic CA	1600000000.000000	1915360000.000000	rsaEncryption	sha256WithRSAEncryption	rsa	2048	65537	-	-	-	-	-	T	0	F	F
1700000023.151476	853413fb2a44b293aff3348656202cf1decf0cece81a05e1b732f6a42f595755	3	14160512	CN=assets.example.org	CN=PacketForge Synthetic CA	1697408023.000000	1728944023.000000	rsaEncryption	sha256WithRSAEncryption	rsa	2048	65537	-	assets.example.org	-	-	-	F	-	T	F
1700000023.300556	d0974d078b30386d2223bb453004df3a6fbfd44c5f6efc76794c0f21aac860a1	3	4A3D1D39	CN=updates.example.com	CN=PacketForge Synthetic CA	1697408023.000000	1728944023.000000	rsaEncryption	sha256WithRSAEncryption	rsa	2048	65537	-	updates.example.com	-	-	-	F	-	T	F
1700000029.019873	107d17e6f3f86abcebc1b421ffe542e46b52384301edf15d0b9d73f98aaf22e8	3	650A62D5	CN=api.example.com	CN=PacketForge Synthetic CA	1697408028.000000	1728944028.000000	rsaEncryption	sha256WithRSAEncryption	rsa	2048	65537	-	api.example.com	-	-	-	F	-	T	F
1700000031.296820	42f30741af47986472ae3c31945359615751bca523b410a2a5f34e2b51386514	3	175B563F	CN=cdn.example.net	CN=PacketForge Synthetic CA	1697408031.000000	1728944031.000000	rsaEncryption	sha256WithRSAEncryption	rsa	2048	65537	-	cdn.example.net	-	-	-	F	-	T	F
1700000032.145537	5e082a66128048c3717fec39c6f4c767c73e25cb7b00b150cf8b23aae2605dc7	3	6820054B	CN=portal.example.net	CN=PacketForge Synthetic CA	1697408032.000000	1728944032.000000	rsaEncryption	sha256WithRSAEncryption	rsa	2048	65537	-	portal.example.net	-	-	-	F	-	T	F
1700000046.234239	d3b3dd2281fe506c2f04d06eb69e0c82a62d938c0b97f8a202177a064165c888	3	107985	CN=assets.example.org	CN=PacketForge Synthetic CA	1697408046.000000	1728944046.000000	rsaEncryption	sha256WithRSAEncryption	rsa	2048	65537	-	assets.example.org	-	-	-	F	-	T	F
1700000046.972842	fe1eacf7b6499f518b46b6031751cf0f29fa2390db3b76cc1847bcfb24762131	3	61583064	CN=cdn.example.net	CN=PacketForge Synthetic CA	1697408046.000000	1728944046.000000	rsaEncryption	sha256WithRSAEncryption	rsa	2048	65537	-	cdn.example.net	-	-	-	F	-	T	F
1700000055.712413	7ed09e762648990c7c83d1695630d3da2a8fbf15fa244df6f12fd5559475c2b2	3	42DD50BA	CN=assets.example.org	CN=PacketForge Synthetic CA	1697408055.000000	1728944055.000000	rsaEncryption	sha256WithRSAEncryption	rsa	2048	65537	-	assets.example.org	-	-	-	F	-	T	F
1700000056.229490	bc704520f7268ccafcb6df7c8ec0ab13d8520fa7815902159adb3dc0d2566263	3	186548C9	CN=updates.example.com	CN=PacketForge Synthetic CA	1697408056.000000	1728944056.000000	rsaEncryption	sha256WithRSAEncryption	rsa	2048	65537	-	updates.example.com	-	-	-	F	-	T	F
1700000070.779476	7eaab034f53b0f40cea0bb1f412b531aa095d821aca7f3a3e9f3a9bfac645960	3	2BCA45F4	CN=updates.example.com	CN=PacketForge Synthetic CA	1697408070.000000	1728944070.000000	rsaEncryption	sha256WithRSAEncryption	rsa	2048	65537	-	updates.example.com	-	-	-	F	-	T	F
1700000097.895390	b5c343f77b0810790f27e853b3f58bf975989ddb9f47372d0a69096162fa4066	3	5F00615E	CN=api.example.com	CN=PacketForge Synthetic CA	1697408097.000000	1728944097.000000	rsaEncryption	sha256WithRSAEncryption	rsa	2048	65537	-	api.example.com	-	-	-	F	-	T	F
1700000104.041953	36dec66a6af78fc5484b06999e67230d43f316dbf5cb6b86d5393f459b724635	3	42D785E1	CN=cdn.example.net	CN=PacketForge Synthetic CA	1697408103.000000	1728944103.000000	rsaEncryption	sha256WithRSAEncryption	rsa	2048	65537	-	cdn.example.net	-	-	-	F	-	T	F
1700000104.328191	c6a54508ecc3170c8f49caaff843c37570eb134aed99ba19b2557097cc850143	3	100E9417	CN=api.example.com	CN=PacketForge Synthetic CA	1697408104.000000	1728944104.000000	rsaEncryption	sha256WithRSAEncryption	rsa	2048	65537	-	api.example.com	-	-	-	F	-	T	F
1700000108.639825	68f30323d327a40cc307697694a55e0a478ecd1723d7939cc4913e6fc8fa4cf6	3	671BEE5A	CN=api.example.com	CN=PacketForge Synthetic CA	1697408108.000000	1728944108.000000	rsaEncryption	sha256WithRSAEncryption	rsa	2048	65537	-	api.example.com	-	-	-	F	-	T	F
1700000109.359050	eccba9aea4677f2c366731ba9b0e530fcff23514bab08113720f6d44b2810b08	3	34F2DB56	CN=updates.example.com	CN=PacketForge Synthetic CA	1697408109.000000	1728944109.000000	rsaEncryption	sha256WithRSAEncryption	rsa	2048	65537	-	updates.example.com	-	-	-	F	-	T	F
1700000110.094404	ddbaa15ef90bfe1610f99ce7e4c44a66809b44ec8fc92b0097dd11212a4b3b97	3	6862ABFF	CN=api.example.com	CN=PacketForge Synthetic CA	1697408110.000000	1728944110.000000	rsaEncryption	sha256WithRSAEncryption	rsa	2048	65537	-	api.example.com	-	-	-	F	-	T	F
1700000110.836017	7159c223e50afebb7ea73849dceccfda445c1a0c6fe40f047d9467bfe41d59ac	3	7C1B9FE8	CN=updates.example.com	CN=PacketForge Synthetic CA	1697408110.000000	1728944110.000000	rsaEncryption	sha256WithRSAEncryption	rsa	2048	65537	-	updates.example.com	-	-	-	F	-	T	F
1700000128.777516	a3a465f17a6c0f8bb0380a98c48827da7a77cc1a667f23033684484c3fe4f7bf	3	75A456C4	CN=cdn.example.net	CN=PacketForge Synthetic CA	1697408128.000000	1728944128.000000	rsaEncryption	sha256WithRSAEncryption	rsa	2048	65537	-	cdn.example.net	-	-	-	F	-	T	F
1700000130.761566	315ffef858a9075df04738a4fbc8e823d952db94c75c13104c8bf920bae1c42a	3	3A525404	CN=updates.example.com	CN=PacketForge Synthetic CA	1697408130.000000	1728944130.000000	rsaEncryption	sha256WithRSAEncryption	rsa	2048	65537	-	updates.example.com	-	-	-	F	-	T	F
1700000140.187324	d94a0f8b5dbce53f72cc47bf425094582e629f21c13b1b33fd66e82291c9ab0f	3	68BD7FB9	CN=portal.example.net	CN=PacketForge Synthetic CA	1697408140.000000	1728944140.000000	rsaEncryption	sha256WithRSAEncryption	rsa	2048	65537	-	portal.example.net	-	-	-	F	-	T	F
1700000143.532220	ea64abe1ebea5799545adfd3b8a88110c1ec3dac06955b33e946d82aa35019e0	3	4486A2DA	CN=assets.example.org	CN=PacketForge Synthetic CA	1697408143.000000	1728944143.000000	rsaEncryption	sha256WithRSAEncryption	rsa	2048	65537	-	assets.example.org	-	-	-	F	-	T	F
1700000167.627066	3de7952a9e9f4ce1c72358f2efc920beddb8ccbe60abc8c1ab1cc2d514ebbc23	3	0E579D45	CN=cdn.example.net	CN=PacketForge Synthetic CA	1697408167.000000	1728944167.000000	rsaEncryption	sha256WithRSAEncryption	rsa	2048	65537	-	cdn.example.net	-	-	-	F	-	T	F
1700000175.091678	51c078e283e6b60cf85b435115c8e469e4b9540b8e7a369fac4f64ffdeab5b08	3	6AD48E45	CN=api.example.com	CN=PacketForge Synthetic CA	1697408175.000000	1728944175.000000	rsaEncryption	sha256WithRSAEncryption	rsa	2048	65537	-	api.example.com	-	-	-	F	-	T	F
1700000180.205884	3afb9cf36fe4faf5f75cef1b6a5c9abbe38e10eef61feab294b2e1407e8d4bd8	3	5005F75C	CN=assets.example.org	CN=PacketForge Synthetic CA	1697408180.000000	1728944180.000000	rsaEncryption	sha256WithRSAEncryption	rsa	2048	65537	-	assets.example.org	-	-	-	F	-	T	F
#close	0000-00-00-00-00-00
