#separator \x09
#set_separator	,
#empty_field	(empty)
#unset_field	-
#path	x509
#open	0000-00-00-00-00-00
#fields	ts	fingerprint	certificate.version	certificate.serial	certificate.subject	certificate.issuer	certificate.not_valid_before	certificate.not_valid_after	certificate.key_alg	certificate.sig_alg	certificate.key_type	certificate.key_length	certificate.exponent	certificate.curve	san.dns	san.uri	san.email	san.ip	basic_constraints.ca	basic_constraints.path_len	host_cert	client_cert
#types	time	string	count	string	string	string	time	time	string	string	string	count	string	string	vector[string]	vector[string]	vector[string]	vector[addr]	bool	count	bool	bool
1700000010.153533	588c0a7dcf3a870c8da76a8b4e4559ab2019d791f24a72a80f5c9cad67cf4db8	3	22E4A5D2	CN=assets.example.org	CN=PacketForge Synthetic CA	1697408010.000000	1728944010.000000	rsaEncryption	sha256WithRSAEncryption	rsa	2048	65537	-	assets.example.org	-	-	-	F	-	T	F
1700000010.153533	c0c4a51bcf95a81486a5bcb053d0ec2447c5eb8d389014c182694d4ccc8348e6	3	50465F4341	O=PacketForge,CN=PacketForge Synthetic CA	O=PacketForge,CN=PacketForge Synthetic CA	1600000000.000000	1915360000.000000	rsaEncryption	sha256WithRSAEncryption	rsa	2048	65537	-	-	-	-	-	T	0	F	F
1700000033.030731	4aafd6eeb56e6c070d33ee3e52bf262bdaaaa6fa403e0bc4751e8a5ebecc81af	3	2FD4BDBE	CN=portal.example.net	CN=PacketForge Synthetic CA	1697408032.000000	1728944032.000000	rsaEncryption	sha256WithRSAEncryption	rsa	2048	65537	-	portal.example.net	-	-	-	F	-	T	F
1700000073.545358	7e33384709cc797f7794bbbff779f9a4388076de78e64d6c5da8aba91943eaf5	3	615FFCC5	CN=cdn.example.net	CN=PacketForge Synthetic CA	1697408073.000000	1728944073.000000	rsaEncryption	sha256WithRSAEncryption	rsa	2048	65537	-	cdn.example.net	-	-	-	F	-	T	F
1700000097.214319	ce6aee0c4069478e88e0f5403b16cd7bf61fada01f0ba2525faad40c40539136	3	2B39C183	CN=assets.example.org	CN=PacketForge Synthetic CA	1697408097.000000	1728944097.000000	rsaEncryption	sha256WithRSAEncryption	rsa	2048	65537	-	assets.example.org	-	-	-	F	-	T	F
1700000105.336993	f46dc4188953057ac4f787a0e724ee2dc284e48382258c12ce5b37840e93d1c7	3	102E675B	CN=www.example.org	CN=PacketForge Synthetic CA	1697408105.000000	1728944105.000000	rsaEncryption	sha256WithRSAEncryption	rsa	2048	65537	-	www.example.org	-	-	-	F	-	T	F
1700000105.701808	691affd4bbcd53300450cb5cb40bf72400a33e0ea31887aada01afb7ec4bd50e	3	2D1C2125	CN=api.example.com	CN=PacketForge Synthetic CA	1697408105.000000	1728944105.000000	rsaEncryption	sha256WithRSAEncryption	rsa	2048	65537	-	api.example.com	-	-	-	F	-	T	F
1700000115.922948	611d574c31137da7115339aafe8759003f95b89b0fb483142d06a59b8e4e77ef	3	7B76CC14	CN=www.example.org	CN=PacketForge Synthetic CA	1697408115.000000	1728944115.000000	rsaEncryption	sha256WithRSAEncryption	rsa	2048	65537	-	www.example.org	-	-	-	F	-	T	F
1700000128.632504	456dda0ccf62c5ce7d32464ce64f28e730e015deb44eaf30baab0632e2b377c3	3	6A15248D	CN=api.example.com	CN=PacketForge Synthetic CA	1697408128.000000	1728944128.000000	rsaEncryption	sha256WithRSAEncryption	rsa	2048	65537	-	api.example.com	-	-	-	F	-	T	F
1700000129.228846	f5db334cfd1712b8fa783d7cc1d065f660d0b2db3c51e8c68ca10289c08686c0	3	07F9473C	CN=assets.example.org	CN=PacketForge Synthetic CA	1697408129.000000	1728944129.000000	rsaEncryption	sha256WithRSAEncryption	rsa	2048	65537	-	assets.example.org	-	-	-	F	-	T	F
1700000130.533387	fb87a3fca51ffa0450317d5301a6b11f422eb99d0decb940d518a693a5736312	3	189AD535	CN=cdn.example.net	CN=PacketForge Synthetic CA	1697408130.000000	1728944130.000000	rsaEncryption	sha256WithRSAEncryption	rsa	2048	65537	-	cdn.example.net	-	-	-	F	-	T	F
1700000144.665451	82119e5e11c003e7da2e0ddeb6d097b326f4d53f577038dd3ad8b7aa559231d7	3	3E2ACE42	CN=assets.example.org	CN=PacketForge Synthetic CA	1697408144.000000	1728944144.000000	rsaEncryption	sha256WithRSAEncryption	rsa	2048	65537	-	assets.example.org	-	-	-	F	-	T	F
1700000167.351407	40301a03db6c80f65cf07c181d3948097905ed29db9ddcad20fea783a2e344be	3	35CDB0C9	CN=www.example.org	CN=PacketForge Synthetic CA	1697408167.000000	1728944167.000000	rsaEncryption	sha256WithRSAEncryption	rsa	2048	65537	-	www.example.org	-	-	-	F	-	T	F
1700000168.076611	8d6c01d36bc27965237fd9d00535cf1c17b182ef1b5515f06044a74f1721e145	3	57273135	CN=portal.example.net	CN=PacketForge Synthetic CA	1697408168.000000	1728944168.000000	rsaEncryption	sha256WithRSAEncryption	rsa	2048	65537	-	portal.example.net	-	-	-	F	-	T	F
1700000170.514566	c9656ebe1d83a552e0684db429d8146166c728cdd230b456853a1674631ca851	3	6CBB8105	CN=updates.example.com	CN=PacketForge Synthetic CA	1697408170.000000	1728944170.000000	rsaEncryption	sha256WithRSAEncryption	rsa	2048	65537	-	updates.example.com	-	-	-	F	-	T	F
1700000171.568853	28eb42a8524e9495e98628ec6d640c4930a1f9187fd4c79d22f154445b2be0a7	3	42615F36	CN=portal.example.net	CN=PacketForge Synthetic CA	1697408171.000000	1728944171.000000	rsaEncryption	sha256WithRSAEncryption	rsa	2048	65537	-	portal.example.net	-	-	-	F	-	T	F
1700000181.848515	dcf27f19fc0c3748c9fe5ddd52cc7e9a803a8a5d65cb13140a39c307e8f7e0f5	3	10D008EE	CN=updates.example.com	CN=PacketForge Synthetic CA	1697408181.000000	1728944181.000000	rsaEncryption	sha256WithRSAEncryption	rsa	2048	65537	-	updates.example.com	-	-	-	F	-	T	F
#close	0000-00-00-00-00-00
