#separator \x09
#set_separator	,
#empty_field	(empty)
#unset_field	-
#path	x509
#open	0000-00-00-00-00-00
#fields	ts	fingerprint	certificate.version	certificate.serial	certificate.subject	certificate.issuer	certificate.not_valid_before	certificate.not_valid_after	certificate.key_alg	certificate.sig_alg	certificate.key_type	certificate.key_length	certificate.exponent	certificate.curve	san.dns	san.uri	san.email	san.ip	basic_constraints.ca	basic_constraints.path_len	host_cert	client_cert
#types	time	string	count	string	string	string	time	time	string	string	string	count	string	string	vector[string]	vector[string]	vector[string]	vector[addr]	bool	count	bool	bool
1700000012.834651	4a7689e675e76740d64b7be8c89a9c6596460084420e0df9c2dcc5b59ee926f3	3	5B75E630	CN=cdn.example.net	CN=PacketForge Synthetic CA	1697408012.000000	1728944012.000000	rsaEncryption	sha256WithRSAEncryption	rsa	2048	65537	-	cdn.example.net	-	-	-	F	-	T	F
1700000012.834651	c0c4a51bcf95a81486a5bcb053d0ec2447c5eb8d389014c182694d4ccc8348e6	3	50465F4341	O=PacketForge,CN=PacketForge Synthetic CA	O=PacketForge,CN=PacketForge Synthetic CA	1600000000.000000	1915360000.000000	rsaEncryption	sha256WithRSAEncryption	rsa	2048	65537	-	-	-	-	-	T	0	F	F
1700000020.543680	5f762371895a5eb02163fee035aeeecd351c8ab8caf117bf3e2ce00eb548903a	3	16354D6D	CN=portal.example.net	CN=PacketForge Synthetic CA	1697408020.000000	1728944020.000000	rsaEncryption	sha256WithRSAEncryption	rsa	2048	65537	-	portal.example.net	-	-	-	F	-	T	F
1700000025.475877	d836c8d3bff197d809f3e9cd25d98d65ccd25a1dfc5a484e4f11b9dd7124efe3	3	6630C6E9	CN=portal.example.net	CN=PacketForge Synthetic CA	1697408025.000000	1728944025.000000	rsaEncryption	sha256WithRSAEncryption	rsa	2048	65537	-	portal.example.net	-	-	-	F	-	T	F
1700000031.662959	ac64be50eb76b77cbf421d88000989dc0764ee12aa4f75f1b768840188e95724	3	7C035AE1	CN=assets.example.org	CN=PacketForge Synthetic CA	1697408031.000000	1728944031.000000	rsaEncryption	sha256WithRSAEncryption	rsa	2048	65537	-	assets.example.org	-	-	-	F	-	T	F
1700000040.131229	ed7f1707667180eb8628d783b2ce18506476485202f70bbbc84eabe6f8fccf36	3	01CE9FF6	CN=api.example.com	CN=PacketForge Synthetic CA	1697408040.000000	1728944040.000000	rsaEncryption	sha256WithRSAEncryption	rsa	2048	65537	-	api.example.com	-	-	-	F	-	T	F
1700000046.709063	664e3682d729bd432651f7da42e456bbbf11fd2d38bfd91e01a2c8c13ff27130	3	38748813	CN=updates.example.com	CN=PacketForge Synthetic CA	1697408046.000000	1728944046.000000	rsaEncryption	sha256WithRSAEncryption	rsa	2048	65537	-	updates.example.com	-	-	-	F	-	T	F
1700000049.081380	f716429b20cdee4ec6797fe7c119782f83fd4938579c5678f4b2f38edd87c8df	3	7DD66DE1	CN=www.example.org	CN=PacketForge Synthetic CA	1697408049.000000	1728944049.000000	rsaEncryption	sha256WithRSAEncryption	rsa	2048	65537	-	www.example.org	-	-	-	F	-	T	F
1700000049.817945	54b92c18e21d6cf1ce3feaef56b50baa74c60ce3896c6ccaba2f1bc22c9db270	3	7912DB5A	CN=cdn.example.net	CN=PacketForge Synthetic CA	1697408049.000000	1728944049.000000	rsaEncryption	sha256WithRSAEncryption	rsa	2048	65537	-	cdn.example.net	-	-	-	F	-	T	F
1700000085.144326	e8a8ecc8ac3fac228d2b243c6d02bd9350c60915d57bc22628403835d1616c3d	3	024308F0	CN=cdn.example.net	CN=PacketForge Synthetic CA	1697408085.000000	1728944085.000000	rsaEncryption	sha256WithRSAEncryption	rsa	2048	65537	-	cdn.example.net	-	-	-	F	-	T	F
1700000085.322412	37e2e6ecaffb610c65818e5fe2ed67b88f5b4306db01a8cb44f772fec44bc016	3	6AF0B43D	CN=portal.example.net	CN=PacketForge Synthetic CA	1697408085.000000	1728944085.000000	rsaEncryption	sha256WithRSAEncryption	rsa	2048	65537	-	portal.example.net	-	-	-	F	-	T	F
1700000085.708314	b687cde9b5c14ff35a46a369b97c27e27550dba5893a0ea087f2765038180a7f	3	48443E72	CN=www.example.org	CN=PacketForge Synthetic CA	1697408085.000000	1728944085.000000	rsaEncryption	sha256WithRSAEncryption	rsa	2048	65537	-	www.example.org	-	-	-	F	-	T	F
1700000088.940392	e4a78e6778aa9a67b0b7b4f3841ef300b187e369e1572ca0821e8b2ad5ae96f7	3	2C38831E	CN=api.example.com	CN=PacketForge Synthetic CA	1697408088.000000	1728944088.000000	rsaEncryption	sha256WithRSAEncryption	rsa	2048	65537	-	api.example.com	-	-	-	F	-	T	F
1700000104.755862	6219ceb3879efaa717c48c0c5051863cb8ba7ad118c964cd4630c9b1a594e1c9	3	5E7B02FF	CN=www.example.org	CN=PacketForge Synthetic CA	1697408104.000000	1728944104.000000	rsaEncryption	sha256WithRSAEncryption	rsa	2048	65537	-	www.example.org	-	-	-	F	-	T	F
1700000104.865683	1682b1a6279079457d2cdff636a13048717b8ecf383b95fb1a59f82de79188ba	3	4907E7C7	CN=cdn.example.net	CN=PacketForge Synthetic CA	1697408104.000000	1728944104.000000	rsaEncryption	sha256WithRSAEncryption	rsa	2048	65537	-	cdn.example.net	-	-	-	F	-	T	F
1700000129.944160	c0358885bc1677e5c3b6489fb01f02dedb472519b0283f22488ad58863450f8b	3	45B8CC77	CN=updates.example.com	CN=PacketForge Synthetic CA	1697408129.000000	1728944129.000000	rsaEncryption	sha256WithRSAEncryption	rsa	2048	65537	-	updates.example.com	-	-	-	F	-	T	F
1700000191.791790	1429f4c14fe93c1392dd1e90f04b732f656abaed21565894d2fff51cf8c4c332	3	489D97CD	CN=updates.example.com	CN=PacketForge Synthetic CA	1697408191.000000	1728944191.000000	rsaEncryption	sha256WithRSAEncryption	rsa	2048	65537	-	updates.example.com	-	-	-	F	-	T	F
#close	0000-00-00-00-00-00
