#separator \x09
#set_separator	,
#empty_field	(empty)
#unset_field	-
#path	x509
#open	0000-00-00-00-00-00
#fields	ts	fingerprint	certificate.version	certificate.serial	certificate.subject	certificate.issuer	certificate.not_valid_before	certificate.not_valid_after	certificate.key_alg	certificate.sig_alg	certificate.key_type	certificate.key_length	certificate.exponent	certificate.curve	san.dns	san.uri	san.email	san.ip	basic_constraints.ca	basic_constraints.path_len	host_cert	client_cert
#types	time	string	count	string	string	string	time	time	string	string	string	count	string	string	vector[string]	vector[string]	vector[string]	vector[addr]	bool	count	bool	bool
1700000007.514320	fe1b6316818e9b146b108e6f6d659291f3ff7fe7634c180043c3f43d60255fbe	3	4D14D952	CN=cdn.example.net	CN=PacketForge Synthetic CA	1697408007.000000	1728944007.000000	rsaEncryption	sha256WithRSAEncryption	rsa	2048	65537	-	cdn.example.net	-	-	-	F	-	T	F
1700000007.514320	c0c4a51bcf95a81486a5bcb053d0ec2447c5eb8d389014c182694d4ccc8348e6	3	50465F4341	O=PacketForge,CN=PacketForge Synthetic CA	O=PacketForge,CN=PacketForge Synthetic CA	1600000000.000000	1915360000.000000	rsaEncryption	sha256WithRSAEncryption	rsa	2048	65537	-	-	-	-	-	T	0	F	F
1700000035.039607	bf98fb9cf6528afd15924019b342a60857efe7c0d712a91ce225554b6573e5d6	3	3D4FD4B9	CN=updates.example.com	CN=PacketForge Synthetic CA	1697408034.000000	1728944034.000000	rsaEncryption	sha256WithRSAEncryption	rsa	2048	65537	-	updates.example.com	-	-	-	F	-	T	F
1700000052.018185	fd44a4d479c0b62b8bd87181c114892fe7bcbf23d435626e0b7a186ef9459e84	3	54085858	CN=api.example.com	CN=PacketForge Synthetic CA	1697408051.000000	1728944051.000000	rsaEncryption	sha256WithRSAEncryption	rsa	2048	65537	-	api.example.com	-	-	-	F	-	T	F
1700000052.512678	20fc0619d4e53d7f12729e0c6244f00d2baeb4bd5a2bd5e2c5557cfe7dc8e480	3	4C168081	CN=cdn.example.net	CN=PacketForge Synthetic CA	1697408052.000000	1728944052.000000	rsaEncryption	sha256WithRSAEncryption	rsa	2048	65537	-	cdn.example.net	-	-	-	F	-	T	F
1700000064.777754	c4df9321586dad2e2097ff2da694fc5c96a40c9dcc7466775521c30cd52b9901	3	472C14F5	CN=cdn.example.net	CN=PacketForge Synthetic CA	1697408064.000000	1728944064.000000	rsaEncryption	sha256WithRSAEncryption	rsa	2048	65537	-	cdn.example.net	-	-	-	F	-	T	F
1700000070.988368	e7dad08660f2d2e68ec6dae9505d23da6d37500f9b10e4de7f468791642a5188	3	2AE31CD9	CN=api.example.com	CN=PacketForge Synthetic CA	1697408070.000000	1728944070.000000	rsaEncryption	sha256WithRSAEncryption	rsa	2048	65537	-	api.example.com	-	-	-	F	-	T	F
1700000071.672815	31884a332af123031ed20594a1786f9227ec7406495636eb7760473a046900c2	3	4A0E190D	CN=www.example.org	CN=PacketForge Synthetic CA	1697408071.000000	1728944071.000000	rsaEncryption	sha256WithRSAEncryption	rsa	2048	65537	-	www.example.org	-	-	-	F	-	T	F
1700000088.009384	8e60cc2fbf7cc1c12d2bf159817eb7f9498c336fc8284592267b39f0664ea34e	3	07D62F81	CN=www.example.org	CN=PacketForge Synthetic CA	1697408087.000000	1728944087.000000	rsaEncryption	sha256WithRSAEncryption	rsa	2048	65537	-	www.example.org	-	-	-	F	-	T	F
1700000093.702389	6ab381f3d152de2c71db75e2103cb80dc00854853689284bc074ea2e0af046e3	3	11CDA475	CN=cdn.example.net	CN=PacketForge Synthetic CA	1697408093.000000	1728944093.000000	rsaEncryption	sha256WithRSAEncryption	rsa	2048	65537	-	cdn.example.net	-	-	-	F	-	T	F
1700000147.866246	0be7fb2194ee39ee473709b78a90200673ca44c24297bcedc9be13278343234b	3	64946310	CN=assets.example.org	CN=PacketForge Synthetic CA	1697408147.000000	1728944147.000000	rsaEncryption	sha256WithRSAEncryption	rsa	2048	65537	-	assets.example.org	-	-	-	F	-	T	F
1700000149.317999	8104cc7109c7eb169a9f9f8e24a4fd4355ee9017ef5ad5c31ef6456bbc00affd	3	16F4E55E	CN=cdn.example.net	CN=PacketForge Synthetic CA	1697408149.000000	1728944149.000000	rsaEncryption	sha256WithRSAEncryption	rsa	2048	65537	-	cdn.example.net	-	-	-	F	-	T	F
1700000173.671376	8b5f2a482a13d9a352797e45c2e2577062471e7b87f525a94937087e34f1113e	3	015B7568	CN=cdn.telemetry-sync.example	CN=PacketForge Synthetic CA	1697408173.000000	1728944173.000000	rsaEncryption	sha256WithRSAEncryption	rsa	2048	65537	-	cdn.telemetry-sync.example	-	-	-	F	-	T	F
1700000192.477975	11675fb6f846cb5f96ed82670d58ab3cd058403e024311546a97646420ce7a0f	3	2753554E	CN=cdn.example.net	CN=PacketForge Synthetic CA	1697408192.000000	1728944192.000000	rsaEncryption	sha256WithRSAEncryption	rsa	2048	65537	-	cdn.example.net	-	-	-	F	-	T	F
1700000236.273035	877ab93b745ebdb6a10cd8b3d6f96f131b3010e95e65aa6ea5e637c3f6979d8c	3	5911FA09	CN=cdn.telemetry-sync.example	CN=PacketForge Synthetic CA	1697408236.000000	1728944236.000000	rsaEncryption	sha256WithRSAEncryption	rsa	2048	65537	-	cdn.telemetry-sync.example	-	-	-	F	-	T	F
1700000291.820455	efca406f33d16b4a17fe565e2644eabb12d80d7c1c7911e9433de54a428baf01	3	68FC076A	CN=cdn.telemetry-sync.example	CN=PacketForge Synthetic CA	1697408291.000000	1728944291.000000	rsaEncryption	sha256WithRSAEncryption	rsa	2048	65537	-	cdn.telemetry-sync.example	-	-	-	F	-	T	F
1700000358.344154	dbf84c3856ace1495036a0fcc10c03b0014b235e95987d2ed882a39a05380716	3	7AEE7B54	CN=cdn.telemetry-sync.example	CN=PacketForge Synthetic CA	1697408358.000000	1728944358.000000	rsaEncryption	sha256WithRSAEncryption	rsa	2048	65537	-	cdn.telemetry-sync.example	-	-	-	F	-	T	F
1700000411.760467	76dffa3714c624f7ff1f8f9b1806bff6e3007f3db5ecab467807f967f8dd58b5	3	2EBAF24E	CN=cdn.telemetry-sync.example	CN=PacketForge Synthetic CA	1697408411.000000	1728944411.000000	rsaEncryption	sha256WithRSAEncryption	rsa	2048	65537	-	cdn.telemetry-sync.example	-	-	-	F	-	T	F
1700000473.006313	ac8f84c44261f540e7ca91f963fe6ba38aa08d326a03bfc3a3a80b0b5066f1fc	3	4C22A35D	CN=cdn.telemetry-sync.example	CN=PacketForge Synthetic CA	1697408472.000000	1728944472.000000	rsaEncryption	sha256WithRSAEncryption	rsa	2048	65537	-	cdn.telemetry-sync.example	-	-	-	F	-	T	F
#close	0000-00-00-00-00-00
