#separator \x09
#set_separator	,
#empty_field	(empty)
#unset_field	-
#path	x509
#open	0000-00-00-00-00-00
#fields	ts	fingerprint	certificate.version	certificate.serial	certificate.subject	certificate.issuer	certificate.not_valid_before	certificate.not_valid_after	certificate.key_alg	certificate.sig_alg	certificate.key_type	certificate.key_length	certificate.exponent	certificate.curve	san.dns	san.uri	san.email	san.ip	basic_constraints.ca	basic_constraints.path_len	host_cert	client_cert
#types	time	string	count	string	string	string	time	time	string	string	string	count	string	string	vector[string]	vector[string]	vector[string]	vector[addr]	bool	count	bool	bool
1700000000.082081	9314baa2f8009c33feaffef562e6fc24e1b2d51062feff332b86ddb4d18afe0b	3	577BEE85	CN=api.example.com	CN=PacketForge Synthetic CA	1697408000.000000	1728944000.000000	rsaEncryption	sha256WithRSAEncryption	rsa	2048	65537	-	api.example.com	-	-	-	F	-	T	F
1700000000.082081	c0c4a51bcf95a81486a5bcb053d0ec2447c5eb8d389014c182694d4ccc8348e6	3	50465F4341	O=PacketForge,CN=PacketForge Synthetic CA	O=PacketForge,CN=PacketForge Synthetic CA	1600000000.000000	1915360000.000000	rsaEncryption	sha256WithRSAEncryption	rsa	2048	65537	-	-	-	-	-	T	0	F	F
1700000012.624617	ccd4e0a670a7de846256d528fb1431869a9aad47dfbda679e9bb0289d3bcef91	3	1733CCEB	CN=updates.example.com	CN=PacketForge Synthetic CA	1697408012.000000	1728944012.000000	rsaEncryption	sha256WithRSAEncryption	rsa	2048	65537	-	updates.example.com	-	-	-	F	-	T	F
1700000014.275033	c705bad99441301212d9fadde22d139c7c028aeadefe1beb6137dc44c548f7ad	3	41F5EF3E	CN=cdn.example.net	CN=PacketForge Synthetic CA	1697408014.000000	1728944014.000000	rsaEncryption	sha256WithRSAEncryption	rsa	2048	65537	-	cdn.example.net	-	-	-	F	-	T	F
1700000024.677112	406a2c113ced3596b5567bbf135878f149158043a9c772a7e33bdbec21be05c0	3	78142F84	CN=updates.example.com	CN=PacketForge Synthetic CA	1697408024.000000	1728944024.000000	rsaEncryption	sha256WithRSAEncryption	rsa	2048	65537	-	updates.example.com	-	-	-	F	-	T	F
1700000028.579023	c6db95db2fba8c8521af46ea75212e23b9f8a256b4aad6c8f05f8c77cb796442	3	01F3462F	CN=cdn.example.net	CN=PacketForge Synthetic CA	1697408028.000000	1728944028.000000	rsaEncryption	sha256WithRSAEncryption	rsa	2048	65537	-	cdn.example.net	-	-	-	F	-	T	F
1700000034.641313	3a6931ce62f9e19939336f27ecdc92fc225f5972b8924fb7b57b395e49c346c2	3	6827D2AD	CN=www.example.org	CN=PacketForge Synthetic CA	1697408034.000000	1728944034.000000	rsaEncryption	sha256WithRSAEncryption	rsa	2048	65537	-	www.example.org	-	-	-	F	-	T	F
1700000035.324077	92856b7f071ff17d402b52d39213e6373386d038e8dccb13d74c0aa8c72ee095	3	2B712BE6	CN=cdn.example.net	CN=PacketForge Synthetic CA	1697408035.000000	1728944035.000000	rsaEncryption	sha256WithRSAEncryption	rsa	2048	65537	-	cdn.example.net	-	-	-	F	-	T	F
1700000041.357036	cae3e2176df63cf0441075f9b584083573e78cad57af05a7c76e406396feaf3c	3	4C6834AA	CN=api.example.com	CN=PacketForge Synthetic CA	1697408041.000000	1728944041.000000	rsaEncryption	sha256WithRSAEncryption	rsa	2048	65537	-	api.example.com	-	-	-	F	-	T	F
1700000068.716194	c9a1b95c8a7c5adb96e1e591301ae44f5e1aa299be556e63f9957163122a6753	3	06BE2DE5	CN=www.example.org	CN=PacketForge Synthetic CA	1697408068.000000	1728944068.000000	rsaEncryption	sha256WithRSAEncryption	rsa	2048	65537	-	www.example.org	-	-	-	F	-	T	F
1700000087.492388	b572f3ef4bb5a4abd4271f5ff7d49acf4c0c15af35f6cf8130bc9ac66437a2df	3	7161A8B0	CN=updates.example.com	CN=PacketForge Synthetic CA	1697408087.000000	1728944087.000000	rsaEncryption	sha256WithRSAEncryption	rsa	2048	65537	-	updates.example.com	-	-	-	F	-	T	F
1700000089.646474	41bb4edcc9b29f99f42cc08645085618d903910b72cccbb4a14831424a3e09ca	3	071275B7	CN=updates.example.com	CN=PacketForge Synthetic CA	1697408089.000000	1728944089.000000	rsaEncryption	sha256WithRSAEncryption	rsa	2048	65537	-	updates.example.com	-	-	-	F	-	T	F
1700000137.041582	db86fca17ec3fd01f73640758ae1417a7c9db5516cd98d9d31fa70bd587311b4	3	1C3F2F45	CN=www.example.org	CN=PacketForge Synthetic CA	1697408136.000000	1728944136.000000	rsaEncryption	sha256WithRSAEncryption	rsa	2048	65537	-	www.example.org	-	-	-	F	-	T	F
#close	0000-00-00-00-00-00
